
===========================================================================
 report_power
============================================================================
======================= nom_tt_025C_1v80 Corner ===================================

Group                    Internal    Switching      Leakage        Total
                            Power        Power        Power        Power (Watts)
------------------------------------------------------------------------
Sequential           4.416637e-05 2.167292e-06 9.403935e-11 4.633376e-05  30.5%
Combinational        9.264428e-06 1.751453e-05 1.522813e-10 2.677911e-05  17.7%
Clock                6.375244e-05 1.480101e-05 1.017701e-10 7.855355e-05  51.8%
Macro                0.000000e+00 0.000000e+00 0.000000e+00 0.000000e+00   0.0%
Pad                  0.000000e+00 0.000000e+00 0.000000e+00 0.000000e+00   0.0%
------------------------------------------------------------------------
Total                1.171832e-04 3.448283e-05 3.480907e-10 1.516664e-04 100.0%
                            77.3%        22.7%         0.0%
Writing metric power__internal__total: 0.00011718322639353573
Writing metric power__switching__total: 3.4482829505577683e-5
Writing metric power__leakage__total: 3.4809072291253074e-10
Writing metric power__total: 0.0001516664051450789

