Clock: clk
Sources: clk 
Generated: no
Virtual: yes
Propagated: no
Period: 8.000000

===========================================================================
report_clock_properties
============================================================================
Clock                   Period          Waveform
----------------------------------------------------
clk                   8.000000    0.000000  4.000000

===========================================================================
report_clock_latency
============================================================================
Clock clk
rise -> rise
    min     max
0.000000 0.000000 source latency
0.236052         network latency _360_/CLK
        0.240883 network latency _354_/CLK
---------------
0.236052 0.240883 latency
        0.004831 skew

fall -> fall
    min     max
0.000000 0.000000 source latency
0.221632         network latency _360_/CLK
        0.225929 network latency _354_/CLK
---------------
0.221632 0.225929 latency
        0.004296 skew



===========================================================================
report_clock_min_period
============================================================================
clk period_min = 1.43 fmax = 697.61
