
===========================================================================
 report_power
============================================================================
======================= nom_tt_025C_1v80 Corner ===================================

Group                    Internal    Switching      Leakage        Total
                            Power        Power        Power        Power (Watts)
------------------------------------------------------------------------
Sequential           1.607617e-04 1.415415e-06 2.598738e-10 1.621774e-04  46.1%
Combinational        5.970277e-06 1.016752e-05 7.863120e-10 1.613858e-05   4.6%
Clock                1.156173e-04 5.763427e-05 2.710086e-10 1.732519e-04  49.3%
Macro                0.000000e+00 0.000000e+00 0.000000e+00 0.000000e+00   0.0%
Pad                  0.000000e+00 0.000000e+00 0.000000e+00 0.000000e+00   0.0%
------------------------------------------------------------------------
Total                2.823493e-04 6.921719e-05 1.317194e-09 3.515678e-04 100.0%
                            80.3%        19.7%         0.0%
Writing metric power__internal__total: 0.0002823492686729878
Writing metric power__switching__total: 6.921718886587769e-5
Writing metric power__leakage__total: 1.3171936874556422e-9
Writing metric power__total: 0.0003515677817631513

