
===========================================================================
report_checks -unconstrained
===========================================================================
======================= max_ss_100C_1v60 Corner ===================================

Startpoint: en (input port clocked by clk)
Endpoint: _350_ (rising edge-triggered flip-flop clocked by clk)
Path Group: clk
Path Type: max

Fanout         Cap        Slew       Delay        Time   Description
---------------------------------------------------------------------------------------------
                                  0.000000    0.000000   clock clk (rise edge)
                                  0.000000    0.000000   clock network delay (propagated)
                                  1.000000    1.000000 ^ input external delay
     1    0.002684    0.031481    0.015222    1.015222 ^ en (in)
                                                         en (net)
                      0.031481    0.000000    1.015222 ^ input1/A (sky130_fd_sc_hd__clkbuf_1)
     1    0.004825    0.107796    0.159769    1.174992 ^ input1/X (sky130_fd_sc_hd__clkbuf_1)
                                                         net1 (net)
                      0.107796    0.000348    1.175340 ^ fanout47/A (sky130_fd_sc_hd__buf_2)
     8    0.040066    0.315681    0.390338    1.565677 ^ fanout47/X (sky130_fd_sc_hd__buf_2)
                                                         net47 (net)
                      0.315834    0.003421    1.569098 ^ fanout46/A (sky130_fd_sc_hd__buf_2)
    10    0.045574    0.357195    0.509405    2.078504 ^ fanout46/X (sky130_fd_sc_hd__buf_2)
                                                         net46 (net)
                      0.357222    0.003344    2.081848 ^ _324_/A (sky130_fd_sc_hd__inv_2)
     4    0.013805    0.110541    0.195655    2.277502 v _324_/Y (sky130_fd_sc_hd__inv_2)
                                                         _150_ (net)
                      0.110543    0.000633    2.278135 v _235_/A (sky130_fd_sc_hd__nor4_1)
     3    0.011646    0.918642    0.915759    3.193894 ^ _235_/Y (sky130_fd_sc_hd__nor4_1)
                                                         _082_ (net)
                      0.918642    0.000422    3.194316 ^ max_cap38/A (sky130_fd_sc_hd__buf_1)
     4    0.014597    0.286661    0.530621    3.724938 ^ max_cap38/X (sky130_fd_sc_hd__buf_1)
                                                         net38 (net)
                      0.286661    0.001206    3.726144 ^ _248_/B (sky130_fd_sc_hd__nand4_1)
     2    0.005818    0.256218    0.334797    4.060941 v _248_/Y (sky130_fd_sc_hd__nand4_1)
                                                         _092_ (net)
                      0.256218    0.000228    4.061169 v _249_/A (sky130_fd_sc_hd__nand2_1)
     1    0.003186    0.094172    0.169564    4.230733 ^ _249_/Y (sky130_fd_sc_hd__nand2_1)
                                                         _093_ (net)
                      0.094172    0.000216    4.230949 ^ _250_/B (sky130_fd_sc_hd__nor2_1)
     1    0.002093    0.065171    0.074492    4.305441 v _250_/Y (sky130_fd_sc_hd__nor2_1)
                                                         _014_ (net)
                      0.065171    0.000099    4.305540 v _350_/D (sky130_fd_sc_hd__dfxtp_1)
                                              4.305540   data arrival time

                                  8.000000    8.000000   clock clk (rise edge)
                                  0.000000    8.000000   clock source latency
     1    0.016788    0.127786    0.086493    8.086493 ^ clk (in)
                                                         clk (net)
                      0.127795    0.000000    8.086493 ^ clkbuf_0_clk/A (sky130_fd_sc_hd__clkbuf_16)
     4    0.040433    0.095306    0.276262    8.362755 ^ clkbuf_0_clk/X (sky130_fd_sc_hd__clkbuf_16)
                                                         clknet_0_clk (net)
                      0.095349    0.001882    8.364637 ^ clkbuf_2_0__f_clk/A (sky130_fd_sc_hd__clkbuf_16)
     9    0.028272    0.078156    0.244175    8.608812 ^ clkbuf_2_0__f_clk/X (sky130_fd_sc_hd__clkbuf_16)
                                                         clknet_2_0__leaf_clk (net)
                      0.078195    0.001589    8.610401 ^ _350_/CLK (sky130_fd_sc_hd__dfxtp_1)
                                 -0.250000    8.360401   clock uncertainty
                                  0.000000    8.360401   clock reconvergence pessimism
                                 -0.264765    8.095636   library setup time
                                              8.095636   data required time
---------------------------------------------------------------------------------------------
                                              8.095636   data required time
                                             -4.305540   data arrival time
---------------------------------------------------------------------------------------------
                                              3.790096   slack (MET)




===========================================================================
report_checks --slack_max -0.01
============================================================================
======================= max_ss_100C_1v60 Corner ===================================

No paths found.


===========================================================================
 report_check_types -max_slew -max_cap -max_fanout -violators
============================================================================
======================= max_ss_100C_1v60 Corner ===================================

max slew

Pin                                        Limit        Slew       Slack
------------------------------------------------------------------------
_235_/Y                                 0.750000    0.918642   -0.168642 (VIOLATED)
_236_/A2                                0.750000    0.918642   -0.168642 (VIOLATED)
_241_/A2                                0.750000    0.918642   -0.168642 (VIOLATED)
max_cap38/A                             0.750000    0.918642   -0.168642 (VIOLATED)
_264_/B                                 0.750000    0.760309   -0.010309 (VIOLATED)
_272_/A1                                0.750000    0.760309   -0.010309 (VIOLATED)
_277_/A                                 0.750000    0.760308   -0.010308 (VIOLATED)
max_cap40/A                             0.750000    0.760306   -0.010306 (VIOLATED)
_171_/Y                                 0.750000    0.760305   -0.010305 (VIOLATED)



===========================================================================
report_parasitic_annotation -report_unannotated
============================================================================
Found 2 unannotated drivers.
 clkload0/X
 clkload1/Y
Found 0 partially unannotated drivers.

===========================================================================
max slew violation count 9
max fanout violation count 0
max cap violation count 0
============================================================================

===========================================================================
check_setup -verbose -unconstrained_endpoints -multiple_clock -no_clock -no_input_delay -loops -generated_clocks
===========================================================================
