
===========================================================================
report_checks -path_delay max (Setup)
============================================================================
======================= nom_tt_025C_1v80 Corner ===================================

Startpoint: eth_data_in[5] (input port clocked by clk)
Endpoint: _58_ (rising edge-triggered flip-flop clocked by clk)
Path Group: clk
Path Type: max

Fanout         Cap        Slew       Delay        Time   Description
---------------------------------------------------------------------------------------------
                      0.150000    0.000000    0.000000   clock clk (rise edge)
                                  0.000000    0.000000   clock network delay (ideal)
                                  1.000000    1.000000 v input external delay
     1    0.001344    0.005459    0.001987    1.001987 v eth_data_in[5] (in)
                                                         eth_data_in[5] (net)
                      0.005459    0.000000    1.001987 v _31_/A (sky130_fd_sc_hd__or4_2)
     2    0.006147    0.115844    0.670071    1.672058 v _31_/X (sky130_fd_sc_hd__or4_2)
                                                         _18_ (net)
                      0.115844    0.000000    1.672058 v _33_/A3 (sky130_fd_sc_hd__o31a_2)
     5    0.014651    0.082108    0.347112    2.019170 v _33_/X (sky130_fd_sc_hd__o31a_2)
                                                         _20_ (net)
                      0.082108    0.000000    2.019170 v _39_/B1 (sky130_fd_sc_hd__a211o_2)
     1    0.001949    0.043923    0.304082    2.323252 v _39_/X (sky130_fd_sc_hd__a211o_2)
                                                         _11_ (net)
                      0.043923    0.000000    2.323252 v _58_/D (sky130_fd_sc_hd__dfrtp_2)
                                              2.323252   data arrival time

                      0.150000    8.000000    8.000000   clock clk (rise edge)
                                  0.000000    8.000000   clock network delay (ideal)
                                 -0.250000    7.750000   clock uncertainty
                                  0.000000    7.750000   clock reconvergence pessimism
                                              7.750000 ^ _58_/CLK (sky130_fd_sc_hd__dfrtp_2)
                                 -0.090737    7.659264   library setup time
                                              7.659264   data required time
---------------------------------------------------------------------------------------------
                                              7.659264   data required time
                                             -2.323252   data arrival time
---------------------------------------------------------------------------------------------
                                              5.336012   slack (MET)


Startpoint: eth_data_in[5] (input port clocked by clk)
Endpoint: _60_ (rising edge-triggered flip-flop clocked by clk)
Path Group: clk
Path Type: max

Fanout         Cap        Slew       Delay        Time   Description
---------------------------------------------------------------------------------------------
                      0.150000    0.000000    0.000000   clock clk (rise edge)
                                  0.000000    0.000000   clock network delay (ideal)
                                  1.000000    1.000000 v input external delay
     1    0.001344    0.005459    0.001987    1.001987 v eth_data_in[5] (in)
                                                         eth_data_in[5] (net)
                      0.005459    0.000000    1.001987 v _31_/A (sky130_fd_sc_hd__or4_2)
     2    0.006147    0.115844    0.670071    1.672058 v _31_/X (sky130_fd_sc_hd__or4_2)
                                                         _18_ (net)
                      0.115844    0.000000    1.672058 v _33_/A3 (sky130_fd_sc_hd__o31a_2)
     5    0.014651    0.082108    0.347112    2.019170 v _33_/X (sky130_fd_sc_hd__o31a_2)
                                                         _20_ (net)
                      0.082108    0.000000    2.019170 v _36_/B1 (sky130_fd_sc_hd__a211o_2)
     1    0.001949    0.043909    0.304082    2.323252 v _36_/X (sky130_fd_sc_hd__a211o_2)
                                                         _13_ (net)
                      0.043909    0.000000    2.323252 v _60_/D (sky130_fd_sc_hd__dfrtp_2)
                                              2.323252   data arrival time

                      0.150000    8.000000    8.000000   clock clk (rise edge)
                                  0.000000    8.000000   clock network delay (ideal)
                                 -0.250000    7.750000   clock uncertainty
                                  0.000000    7.750000   clock reconvergence pessimism
                                              7.750000 ^ _60_/CLK (sky130_fd_sc_hd__dfrtp_2)
                                 -0.090731    7.659269   library setup time
                                              7.659269   data required time
---------------------------------------------------------------------------------------------
                                              7.659269   data required time
                                             -2.323252   data arrival time
---------------------------------------------------------------------------------------------
                                              5.336017   slack (MET)


Startpoint: eth_data_in[5] (input port clocked by clk)
Endpoint: _57_ (rising edge-triggered flip-flop clocked by clk)
Path Group: clk
Path Type: max

Fanout         Cap        Slew       Delay        Time   Description
---------------------------------------------------------------------------------------------
                      0.150000    0.000000    0.000000   clock clk (rise edge)
                                  0.000000    0.000000   clock network delay (ideal)
                                  1.000000    1.000000 v input external delay
     1    0.001344    0.005459    0.001987    1.001987 v eth_data_in[5] (in)
                                                         eth_data_in[5] (net)
                      0.005459    0.000000    1.001987 v _31_/A (sky130_fd_sc_hd__or4_2)
     2    0.006147    0.115844    0.670071    1.672058 v _31_/X (sky130_fd_sc_hd__or4_2)
                                                         _18_ (net)
                      0.115844    0.000000    1.672058 v _33_/A3 (sky130_fd_sc_hd__o31a_2)
     5    0.014651    0.082108    0.347112    2.019170 v _33_/X (sky130_fd_sc_hd__o31a_2)
                                                         _20_ (net)
                      0.082108    0.000000    2.019170 v _42_/B1 (sky130_fd_sc_hd__a211o_2)
     1    0.001949    0.043845    0.304082    2.323252 v _42_/X (sky130_fd_sc_hd__a211o_2)
                                                         _10_ (net)
                      0.043845    0.000000    2.323252 v _57_/D (sky130_fd_sc_hd__dfrtp_2)
                                              2.323252   data arrival time

                      0.150000    8.000000    8.000000   clock clk (rise edge)
                                  0.000000    8.000000   clock network delay (ideal)
                                 -0.250000    7.750000   clock uncertainty
                                  0.000000    7.750000   clock reconvergence pessimism
                                              7.750000 ^ _57_/CLK (sky130_fd_sc_hd__dfrtp_2)
                                 -0.090703    7.659297   library setup time
                                              7.659297   data required time
---------------------------------------------------------------------------------------------
                                              7.659297   data required time
                                             -2.323252   data arrival time
---------------------------------------------------------------------------------------------
                                              5.336046   slack (MET)


Startpoint: eth_data_in[5] (input port clocked by clk)
Endpoint: _61_ (rising edge-triggered flip-flop clocked by clk)
Path Group: clk
Path Type: max

Fanout         Cap        Slew       Delay        Time   Description
---------------------------------------------------------------------------------------------
                      0.150000    0.000000    0.000000   clock clk (rise edge)
                                  0.000000    0.000000   clock network delay (ideal)
                                  1.000000    1.000000 v input external delay
     1    0.001344    0.005459    0.001987    1.001987 v eth_data_in[5] (in)
                                                         eth_data_in[5] (net)
                      0.005459    0.000000    1.001987 v _31_/A (sky130_fd_sc_hd__or4_2)
     2    0.006147    0.115844    0.670071    1.672058 v _31_/X (sky130_fd_sc_hd__or4_2)
                                                         _18_ (net)
                      0.115844    0.000000    1.672058 v _33_/A3 (sky130_fd_sc_hd__o31a_2)
     5    0.014651    0.082108    0.347112    2.019170 v _33_/X (sky130_fd_sc_hd__o31a_2)
                                                         _20_ (net)
                      0.082108    0.000000    2.019170 v _35_/B1 (sky130_fd_sc_hd__a211oi_2)
     1    0.002005    0.131356    0.184438    2.203608 ^ _35_/Y (sky130_fd_sc_hd__a211oi_2)
                                                         _14_ (net)
                      0.131356    0.000000    2.203608 ^ _61_/D (sky130_fd_sc_hd__dfrtp_2)
                                              2.203608   data arrival time

                      0.150000    8.000000    8.000000   clock clk (rise edge)
                                  0.000000    8.000000   clock network delay (ideal)
                                 -0.250000    7.750000   clock uncertainty
                                  0.000000    7.750000   clock reconvergence pessimism
                                              7.750000 ^ _61_/CLK (sky130_fd_sc_hd__dfrtp_2)
                                 -0.067199    7.682800   library setup time
                                              7.682800   data required time
---------------------------------------------------------------------------------------------
                                              7.682800   data required time
                                             -2.203608   data arrival time
---------------------------------------------------------------------------------------------
                                              5.479192   slack (MET)


Startpoint: eth_data_in[5] (input port clocked by clk)
Endpoint: _59_ (rising edge-triggered flip-flop clocked by clk)
Path Group: clk
Path Type: max

Fanout         Cap        Slew       Delay        Time   Description
---------------------------------------------------------------------------------------------
                      0.150000    0.000000    0.000000   clock clk (rise edge)
                                  0.000000    0.000000   clock network delay (ideal)
                                  1.000000    1.000000 v input external delay
     1    0.001344    0.005459    0.001987    1.001987 v eth_data_in[5] (in)
                                                         eth_data_in[5] (net)
                      0.005459    0.000000    1.001987 v _31_/A (sky130_fd_sc_hd__or4_2)
     2    0.006147    0.115844    0.670071    1.672058 v _31_/X (sky130_fd_sc_hd__or4_2)
                                                         _18_ (net)
                      0.115844    0.000000    1.672058 v _33_/A3 (sky130_fd_sc_hd__o31a_2)
     5    0.014651    0.082108    0.347112    2.019170 v _33_/X (sky130_fd_sc_hd__o31a_2)
                                                         _20_ (net)
                      0.082108    0.000000    2.019170 v _38_/B1 (sky130_fd_sc_hd__a211oi_2)
     1    0.002005    0.131286    0.184438    2.203608 ^ _38_/Y (sky130_fd_sc_hd__a211oi_2)
                                                         _12_ (net)
                      0.131286    0.000000    2.203608 ^ _59_/D (sky130_fd_sc_hd__dfrtp_2)
                                              2.203608   data arrival time

                      0.150000    8.000000    8.000000   clock clk (rise edge)
                                  0.000000    8.000000   clock network delay (ideal)
                                 -0.250000    7.750000   clock uncertainty
                                  0.000000    7.750000   clock reconvergence pessimism
                                              7.750000 ^ _59_/CLK (sky130_fd_sc_hd__dfrtp_2)
                                 -0.067183    7.682817   library setup time
                                              7.682817   data required time
---------------------------------------------------------------------------------------------
                                              7.682817   data required time
                                             -2.203608   data arrival time
---------------------------------------------------------------------------------------------
                                              5.479208   slack (MET)


Startpoint: eth_data_in[5] (input port clocked by clk)
Endpoint: _56_ (rising edge-triggered flip-flop clocked by clk)
Path Group: clk
Path Type: max

Fanout         Cap        Slew       Delay        Time   Description
---------------------------------------------------------------------------------------------
                      0.150000    0.000000    0.000000   clock clk (rise edge)
                                  0.000000    0.000000   clock network delay (ideal)
                                  1.000000    1.000000 v input external delay
     1    0.001344    0.005459    0.001987    1.001987 v eth_data_in[5] (in)
                                                         eth_data_in[5] (net)
                      0.005459    0.000000    1.001987 v _31_/A (sky130_fd_sc_hd__or4_2)
     2    0.006147    0.115844    0.670071    1.672058 v _31_/X (sky130_fd_sc_hd__or4_2)
                                                         _18_ (net)
                      0.115844    0.000000    1.672058 v _32_/C (sky130_fd_sc_hd__nor3_2)
     1    0.002506    0.111211    0.115251    1.787309 ^ _32_/Y (sky130_fd_sc_hd__nor3_2)
                                                         _19_ (net)
                      0.111211    0.000000    1.787309 ^ _44_/B1 (sky130_fd_sc_hd__a22o_2)
     1    0.002005    0.032318    0.133591    1.920899 ^ _44_/X (sky130_fd_sc_hd__a22o_2)
                                                         _09_ (net)
                      0.032318    0.000000    1.920899 ^ _56_/D (sky130_fd_sc_hd__dfrtp_2)
                                              1.920899   data arrival time

                      0.150000    8.000000    8.000000   clock clk (rise edge)
                                  0.000000    8.000000   clock network delay (ideal)
                                 -0.250000    7.750000   clock uncertainty
                                  0.000000    7.750000   clock reconvergence pessimism
                                              7.750000 ^ _56_/CLK (sky130_fd_sc_hd__dfrtp_2)
                                 -0.044590    7.705410   library setup time
                                              7.705410   data required time
---------------------------------------------------------------------------------------------
                                              7.705410   data required time
                                             -1.920899   data arrival time
---------------------------------------------------------------------------------------------
                                              5.784511   slack (MET)


Startpoint: _59_ (rising edge-triggered flip-flop clocked by clk)
Endpoint: phy_data_out[2] (output port clocked by clk)
Path Group: clk
Path Type: max

Fanout         Cap        Slew       Delay        Time   Description
---------------------------------------------------------------------------------------------
                      0.150000    0.000000    0.000000   clock clk (rise edge)
                                  0.000000    0.000000   clock network delay (ideal)
                      0.150000    0.000000    0.000000 ^ _59_/CLK (sky130_fd_sc_hd__dfrtp_2)
     3    0.039891    0.200306    0.505570    0.505570 ^ _59_/Q (sky130_fd_sc_hd__dfrtp_2)
                                                         phy_data_out[6] (net)
                      0.200306    0.000000    0.505570 ^ _62_/A (sky130_fd_sc_hd__buf_2)
     1    0.033442    0.169424    0.245411    0.750981 ^ _62_/X (sky130_fd_sc_hd__buf_2)
                                                         phy_data_out[2] (net)
                      0.169424    0.000000    0.750981 ^ phy_data_out[2] (out)
                                              0.750981   data arrival time

                      0.150000    8.000000    8.000000   clock clk (rise edge)
                                  0.000000    8.000000   clock network delay (ideal)
                                 -0.250000    7.750000   clock uncertainty
                                  0.000000    7.750000   clock reconvergence pessimism
                                 -1.000000    6.750000   output external delay
                                              6.750000   data required time
---------------------------------------------------------------------------------------------
                                              6.750000   data required time
                                             -0.750981   data arrival time
---------------------------------------------------------------------------------------------
                                              5.999019   slack (MET)


Startpoint: _61_ (rising edge-triggered flip-flop clocked by clk)
Endpoint: phy_data_out[4] (output port clocked by clk)
Path Group: clk
Path Type: max

Fanout         Cap        Slew       Delay        Time   Description
---------------------------------------------------------------------------------------------
                      0.150000    0.000000    0.000000   clock clk (rise edge)
                                  0.000000    0.000000   clock network delay (ideal)
                      0.150000    0.000000    0.000000 ^ _61_/CLK (sky130_fd_sc_hd__dfrtp_2)
     3    0.039891    0.200306    0.505570    0.505570 ^ _61_/Q (sky130_fd_sc_hd__dfrtp_2)
                                                         phy_data_out[8] (net)
                      0.200306    0.000000    0.505570 ^ _63_/A (sky130_fd_sc_hd__buf_2)
     1    0.033442    0.169424    0.245411    0.750981 ^ _63_/X (sky130_fd_sc_hd__buf_2)
                                                         phy_data_out[4] (net)
                      0.169424    0.000000    0.750981 ^ phy_data_out[4] (out)
                                              0.750981   data arrival time

                      0.150000    8.000000    8.000000   clock clk (rise edge)
                                  0.000000    8.000000   clock network delay (ideal)
                                 -0.250000    7.750000   clock uncertainty
                                  0.000000    7.750000   clock reconvergence pessimism
                                 -1.000000    6.750000   output external delay
                                              6.750000   data required time
---------------------------------------------------------------------------------------------
                                              6.750000   data required time
                                             -0.750981   data arrival time
---------------------------------------------------------------------------------------------
                                              5.999019   slack (MET)


Startpoint: _60_ (rising edge-triggered flip-flop clocked by clk)
Endpoint: phy_data_out[5] (output port clocked by clk)
Path Group: clk
Path Type: max

Fanout         Cap        Slew       Delay        Time   Description
---------------------------------------------------------------------------------------------
                      0.150000    0.000000    0.000000   clock clk (rise edge)
                                  0.000000    0.000000   clock network delay (ideal)
                      0.150000    0.000000    0.000000 ^ _60_/CLK (sky130_fd_sc_hd__dfrtp_2)
     4    0.039572    0.198854    0.504547    0.504547 ^ _60_/Q (sky130_fd_sc_hd__dfrtp_2)
                                                         phy_data_out[9] (net)
                      0.198854    0.000000    0.504547 ^ _64_/A (sky130_fd_sc_hd__buf_2)
     1    0.033442    0.169420    0.245018    0.749564 ^ _64_/X (sky130_fd_sc_hd__buf_2)
                                                         phy_data_out[5] (net)
                      0.169420    0.000000    0.749564 ^ phy_data_out[5] (out)
                                              0.749564   data arrival time

                      0.150000    8.000000    8.000000   clock clk (rise edge)
                                  0.000000    8.000000   clock network delay (ideal)
                                 -0.250000    7.750000   clock uncertainty
                                  0.000000    7.750000   clock reconvergence pessimism
                                 -1.000000    6.750000   output external delay
                                              6.750000   data required time
---------------------------------------------------------------------------------------------
                                              6.750000   data required time
                                             -0.749564   data arrival time
---------------------------------------------------------------------------------------------
                                              6.000435   slack (MET)


Startpoint: _60_ (rising edge-triggered flip-flop clocked by clk)
Endpoint: phy_data_out[7] (output port clocked by clk)
Path Group: clk
Path Type: max

Fanout         Cap        Slew       Delay        Time   Description
---------------------------------------------------------------------------------------------
                      0.150000    0.000000    0.000000   clock clk (rise edge)
                                  0.000000    0.000000   clock network delay (ideal)
                      0.150000    0.000000    0.000000 ^ _60_/CLK (sky130_fd_sc_hd__dfrtp_2)
     4    0.039572    0.198854    0.504547    0.504547 ^ _60_/Q (sky130_fd_sc_hd__dfrtp_2)
                                                         phy_data_out[9] (net)
                      0.198854    0.000000    0.504547 ^ _65_/A (sky130_fd_sc_hd__buf_2)
     1    0.033442    0.169420    0.245018    0.749564 ^ _65_/X (sky130_fd_sc_hd__buf_2)
                                                         phy_data_out[7] (net)
                      0.169420    0.000000    0.749564 ^ phy_data_out[7] (out)
                                              0.749564   data arrival time

                      0.150000    8.000000    8.000000   clock clk (rise edge)
                                  0.000000    8.000000   clock network delay (ideal)
                                 -0.250000    7.750000   clock uncertainty
                                  0.000000    7.750000   clock reconvergence pessimism
                                 -1.000000    6.750000   output external delay
                                              6.750000   data required time
---------------------------------------------------------------------------------------------
                                              6.750000   data required time
                                             -0.749564   data arrival time
---------------------------------------------------------------------------------------------
                                              6.000435   slack (MET)


Startpoint: eth_valid_in (input port clocked by clk)
Endpoint: _54_ (rising edge-triggered flip-flop clocked by clk)
Path Group: clk
Path Type: max

Fanout         Cap        Slew       Delay        Time   Description
---------------------------------------------------------------------------------------------
                      0.150000    0.000000    0.000000   clock clk (rise edge)
                                  0.000000    0.000000   clock network delay (ideal)
                                  1.000000    1.000000 ^ input external delay
     5    0.012234    0.062677    0.041179    1.041179 ^ eth_valid_in (in)
                                                         eth_valid_in (net)
                      0.062677    0.000000    1.041179 ^ _28_/A (sky130_fd_sc_hd__inv_2)
     8    0.022989    0.055774    0.068155    1.109334 v _28_/Y (sky130_fd_sc_hd__inv_2)
                                                         _16_ (net)
                      0.055774    0.000000    1.109334 v _45_/A (sky130_fd_sc_hd__and2_2)
     1    0.001321    0.032582    0.160083    1.269418 v _45_/X (sky130_fd_sc_hd__and2_2)
                                                         _26_ (net)
                      0.032582    0.000000    1.269418 v _46_/B (sky130_fd_sc_hd__or2_2)
     1    0.001949    0.051405    0.257144    1.526561 v _46_/X (sky130_fd_sc_hd__or2_2)
                                                         _08_ (net)
                      0.051405    0.000000    1.526561 v _54_/D (sky130_fd_sc_hd__dfrtp_2)
                                              1.526561   data arrival time

                      0.150000    8.000000    8.000000   clock clk (rise edge)
                                  0.000000    8.000000   clock network delay (ideal)
                                 -0.250000    7.750000   clock uncertainty
                                  0.000000    7.750000   clock reconvergence pessimism
                                              7.750000 ^ _54_/CLK (sky130_fd_sc_hd__dfrtp_2)
                                 -0.094000    7.656001   library setup time
                                              7.656001   data required time
---------------------------------------------------------------------------------------------
                                              7.656001   data required time
                                             -1.526561   data arrival time
---------------------------------------------------------------------------------------------
                                              6.129439   slack (MET)


Startpoint: _59_ (rising edge-triggered flip-flop clocked by clk)
Endpoint: phy_data_out[6] (output port clocked by clk)
Path Group: clk
Path Type: max

Fanout         Cap        Slew       Delay        Time   Description
---------------------------------------------------------------------------------------------
                      0.150000    0.000000    0.000000   clock clk (rise edge)
                                  0.000000    0.000000   clock network delay (ideal)
                      0.150000    0.000000    0.000000 ^ _59_/CLK (sky130_fd_sc_hd__dfrtp_2)
     3    0.039365    0.122591    0.518080    0.518080 v _59_/Q (sky130_fd_sc_hd__dfrtp_2)
                                                         phy_data_out[6] (net)
                      0.122591    0.000000    0.518080 v phy_data_out[6] (out)
                                              0.518080   data arrival time

                      0.150000    8.000000    8.000000   clock clk (rise edge)
                                  0.000000    8.000000   clock network delay (ideal)
                                 -0.250000    7.750000   clock uncertainty
                                  0.000000    7.750000   clock reconvergence pessimism
                                 -1.000000    6.750000   output external delay
                                              6.750000   data required time
---------------------------------------------------------------------------------------------
                                              6.750000   data required time
                                             -0.518080   data arrival time
---------------------------------------------------------------------------------------------
                                              6.231920   slack (MET)


Startpoint: _61_ (rising edge-triggered flip-flop clocked by clk)
Endpoint: phy_data_out[8] (output port clocked by clk)
Path Group: clk
Path Type: max

Fanout         Cap        Slew       Delay        Time   Description
---------------------------------------------------------------------------------------------
                      0.150000    0.000000    0.000000   clock clk (rise edge)
                                  0.000000    0.000000   clock network delay (ideal)
                      0.150000    0.000000    0.000000 ^ _61_/CLK (sky130_fd_sc_hd__dfrtp_2)
     3    0.039365    0.122591    0.518080    0.518080 v _61_/Q (sky130_fd_sc_hd__dfrtp_2)
                                                         phy_data_out[8] (net)
                      0.122591    0.000000    0.518080 v phy_data_out[8] (out)
                                              0.518080   data arrival time

                      0.150000    8.000000    8.000000   clock clk (rise edge)
                                  0.000000    8.000000   clock network delay (ideal)
                                 -0.250000    7.750000   clock uncertainty
                                  0.000000    7.750000   clock reconvergence pessimism
                                 -1.000000    6.750000   output external delay
                                              6.750000   data required time
---------------------------------------------------------------------------------------------
                                              6.750000   data required time
                                             -0.518080   data arrival time
---------------------------------------------------------------------------------------------
                                              6.231920   slack (MET)


Startpoint: _60_ (rising edge-triggered flip-flop clocked by clk)
Endpoint: phy_data_out[9] (output port clocked by clk)
Path Group: clk
Path Type: max

Fanout         Cap        Slew       Delay        Time   Description
---------------------------------------------------------------------------------------------
                      0.150000    0.000000    0.000000   clock clk (rise edge)
                                  0.000000    0.000000   clock network delay (ideal)
                      0.150000    0.000000    0.000000 ^ _60_/CLK (sky130_fd_sc_hd__dfrtp_2)
     4    0.038971    0.121778    0.517360    0.517360 v _60_/Q (sky130_fd_sc_hd__dfrtp_2)
                                                         phy_data_out[9] (net)
                      0.121778    0.000000    0.517360 v phy_data_out[9] (out)
                                              0.517360   data arrival time

                      0.150000    8.000000    8.000000   clock clk (rise edge)
                                  0.000000    8.000000   clock network delay (ideal)
                                 -0.250000    7.750000   clock uncertainty
                                  0.000000    7.750000   clock reconvergence pessimism
                                 -1.000000    6.750000   output external delay
                                              6.750000   data required time
---------------------------------------------------------------------------------------------
                                              6.750000   data required time
                                             -0.517360   data arrival time
---------------------------------------------------------------------------------------------
                                              6.232640   slack (MET)


Startpoint: _57_ (rising edge-triggered flip-flop clocked by clk)
Endpoint: phy_data_out[1] (output port clocked by clk)
Path Group: clk
Path Type: max

Fanout         Cap        Slew       Delay        Time   Description
---------------------------------------------------------------------------------------------
                      0.150000    0.000000    0.000000   clock clk (rise edge)
                                  0.000000    0.000000   clock network delay (ideal)
                      0.150000    0.000000    0.000000 ^ _57_/CLK (sky130_fd_sc_hd__dfrtp_2)
     2    0.035677    0.114856    0.510353    0.510353 v _57_/Q (sky130_fd_sc_hd__dfrtp_2)
                                                         phy_data_out[1] (net)
                      0.114856    0.000000    0.510353 v phy_data_out[1] (out)
                                              0.510353   data arrival time

                      0.150000    8.000000    8.000000   clock clk (rise edge)
                                  0.000000    8.000000   clock network delay (ideal)
                                 -0.250000    7.750000   clock uncertainty
                                  0.000000    7.750000   clock reconvergence pessimism
                                 -1.000000    6.750000   output external delay
                                              6.750000   data required time
---------------------------------------------------------------------------------------------
                                              6.750000   data required time
                                             -0.510353   data arrival time
---------------------------------------------------------------------------------------------
                                              6.239647   slack (MET)


Startpoint: _58_ (rising edge-triggered flip-flop clocked by clk)
Endpoint: phy_data_out[3] (output port clocked by clk)
Path Group: clk
Path Type: max

Fanout         Cap        Slew       Delay        Time   Description
---------------------------------------------------------------------------------------------
                      0.150000    0.000000    0.000000   clock clk (rise edge)
                                  0.000000    0.000000   clock network delay (ideal)
                      0.150000    0.000000    0.000000 ^ _58_/CLK (sky130_fd_sc_hd__dfrtp_2)
     2    0.035677    0.114856    0.510353    0.510353 v _58_/Q (sky130_fd_sc_hd__dfrtp_2)
                                                         phy_data_out[3] (net)
                      0.114856    0.000000    0.510353 v phy_data_out[3] (out)
                                              0.510353   data arrival time

                      0.150000    8.000000    8.000000   clock clk (rise edge)
                                  0.000000    8.000000   clock network delay (ideal)
                                 -0.250000    7.750000   clock uncertainty
                                  0.000000    7.750000   clock reconvergence pessimism
                                 -1.000000    6.750000   output external delay
                                              6.750000   data required time
---------------------------------------------------------------------------------------------
                                              6.750000   data required time
                                             -0.510353   data arrival time
---------------------------------------------------------------------------------------------
                                              6.239647   slack (MET)


Startpoint: _56_ (rising edge-triggered flip-flop clocked by clk)
Endpoint: phy_data_out[0] (output port clocked by clk)
Path Group: clk
Path Type: max

Fanout         Cap        Slew       Delay        Time   Description
---------------------------------------------------------------------------------------------
                      0.150000    0.000000    0.000000   clock clk (rise edge)
                                  0.000000    0.000000   clock network delay (ideal)
                      0.150000    0.000000    0.000000 ^ _56_/CLK (sky130_fd_sc_hd__dfrtp_2)
     2    0.035673    0.114847    0.510343    0.510343 v _56_/Q (sky130_fd_sc_hd__dfrtp_2)
                                                         phy_data_out[0] (net)
                      0.114847    0.000000    0.510343 v phy_data_out[0] (out)
                                              0.510343   data arrival time

                      0.150000    8.000000    8.000000   clock clk (rise edge)
                                  0.000000    8.000000   clock network delay (ideal)
                                 -0.250000    7.750000   clock uncertainty
                                  0.000000    7.750000   clock reconvergence pessimism
                                 -1.000000    6.750000   output external delay
                                              6.750000   data required time
---------------------------------------------------------------------------------------------
                                              6.750000   data required time
                                             -0.510343   data arrival time
---------------------------------------------------------------------------------------------
                                              6.239656   slack (MET)


Startpoint: _55_ (rising edge-triggered flip-flop clocked by clk)
Endpoint: phy_valid_out (output port clocked by clk)
Path Group: clk
Path Type: max

Fanout         Cap        Slew       Delay        Time   Description
---------------------------------------------------------------------------------------------
                      0.150000    0.000000    0.000000   clock clk (rise edge)
                                  0.000000    0.000000   clock network delay (ideal)
                      0.150000    0.000000    0.000000 ^ _55_/CLK (sky130_fd_sc_hd__dfrtp_2)
     1    0.033442    0.110070    0.504914    0.504914 v _55_/Q (sky130_fd_sc_hd__dfrtp_2)
                                                         phy_valid_out (net)
                      0.110070    0.000000    0.504914 v phy_valid_out (out)
                                              0.504914   data arrival time

                      0.150000    8.000000    8.000000   clock clk (rise edge)
                                  0.000000    8.000000   clock network delay (ideal)
                                 -0.250000    7.750000   clock uncertainty
                                  0.000000    7.750000   clock reconvergence pessimism
                                 -1.000000    6.750000   output external delay
                                              6.750000   data required time
---------------------------------------------------------------------------------------------
                                              6.750000   data required time
                                             -0.504914   data arrival time
---------------------------------------------------------------------------------------------
                                              6.245086   slack (MET)


Startpoint: eth_valid_in (input port clocked by clk)
Endpoint: _55_ (rising edge-triggered flip-flop clocked by clk)
Path Group: clk
Path Type: max

Fanout         Cap        Slew       Delay        Time   Description
---------------------------------------------------------------------------------------------
                      0.150000    0.000000    0.000000   clock clk (rise edge)
                                  0.000000    0.000000   clock network delay (ideal)
                                  1.000000    1.000000 v input external delay
     5    0.011448    0.028027    0.018506    1.018506 v eth_valid_in (in)
                                                         eth_valid_in (net)
                      0.028027    0.000000    1.018506 v _55_/D (sky130_fd_sc_hd__dfrtp_2)
                                              1.018506   data arrival time

                      0.150000    8.000000    8.000000   clock clk (rise edge)
                                  0.000000    8.000000   clock network delay (ideal)
                                 -0.250000    7.750000   clock uncertainty
                                  0.000000    7.750000   clock reconvergence pessimism
                                              7.750000 ^ _55_/CLK (sky130_fd_sc_hd__dfrtp_2)
                                 -0.083804    7.666196   library setup time
                                              7.666196   data required time
---------------------------------------------------------------------------------------------
                                              7.666196   data required time
                                             -1.018506   data arrival time
---------------------------------------------------------------------------------------------
                                              6.647690   slack (MET)


Startpoint: rst (input port clocked by clk)
Endpoint: _54_ (recovery check against rising-edge clock clk)
Path Group: asynchronous
Path Type: max

Fanout         Cap        Slew       Delay        Time   Description
---------------------------------------------------------------------------------------------
                      0.150000    0.000000    0.000000   clock clk (rise edge)
                                  0.000000    0.000000   clock network delay (ideal)
                                  1.000000    1.000000 v input external delay
     8    0.034208    0.076620    0.054625    1.054625 v rst (in)
                                                         rst (net)
                      0.076620    0.000000    1.054625 v _30_/A (sky130_fd_sc_hd__inv_2)
     1    0.003612    0.032470    0.054714    1.109339 ^ _30_/Y (sky130_fd_sc_hd__inv_2)
                                                         _00_ (net)
                      0.032470    0.000000    1.109339 ^ _54_/RESET_B (sky130_fd_sc_hd__dfrtp_2)
                                              1.109339   data arrival time

                      0.150000    8.000000    8.000000   clock clk (rise edge)
                                  0.000000    8.000000   clock network delay (ideal)
                                 -0.250000    7.750000   clock uncertainty
                                  0.000000    7.750000   clock reconvergence pessimism
                                              7.750000 ^ _54_/CLK (sky130_fd_sc_hd__dfrtp_2)
                                  0.255085    8.005085   library recovery time
                                              8.005085   data required time
---------------------------------------------------------------------------------------------
                                              8.005085   data required time
                                             -1.109339   data arrival time
---------------------------------------------------------------------------------------------
                                              6.895745   slack (MET)


Startpoint: rst (input port clocked by clk)
Endpoint: _55_ (recovery check against rising-edge clock clk)
Path Group: asynchronous
Path Type: max

Fanout         Cap        Slew       Delay        Time   Description
---------------------------------------------------------------------------------------------
                      0.150000    0.000000    0.000000   clock clk (rise edge)
                                  0.000000    0.000000   clock network delay (ideal)
                                  1.000000    1.000000 v input external delay
     8    0.034208    0.076620    0.054625    1.054625 v rst (in)
                                                         rst (net)
                      0.076620    0.000000    1.054625 v _47_/A (sky130_fd_sc_hd__inv_2)
     1    0.003612    0.032470    0.054714    1.109339 ^ _47_/Y (sky130_fd_sc_hd__inv_2)
                                                         _01_ (net)
                      0.032470    0.000000    1.109339 ^ _55_/RESET_B (sky130_fd_sc_hd__dfrtp_2)
                                              1.109339   data arrival time

                      0.150000    8.000000    8.000000   clock clk (rise edge)
                                  0.000000    8.000000   clock network delay (ideal)
                                 -0.250000    7.750000   clock uncertainty
                                  0.000000    7.750000   clock reconvergence pessimism
                                              7.750000 ^ _55_/CLK (sky130_fd_sc_hd__dfrtp_2)
                                  0.255085    8.005085   library recovery time
                                              8.005085   data required time
---------------------------------------------------------------------------------------------
                                              8.005085   data required time
                                             -1.109339   data arrival time
---------------------------------------------------------------------------------------------
                                              6.895745   slack (MET)


Startpoint: rst (input port clocked by clk)
Endpoint: _56_ (recovery check against rising-edge clock clk)
Path Group: asynchronous
Path Type: max

Fanout         Cap        Slew       Delay        Time   Description
---------------------------------------------------------------------------------------------
                      0.150000    0.000000    0.000000   clock clk (rise edge)
                                  0.000000    0.000000   clock network delay (ideal)
                                  1.000000    1.000000 v input external delay
     8    0.034208    0.076620    0.054625    1.054625 v rst (in)
                                                         rst (net)
                      0.076620    0.000000    1.054625 v _48_/A (sky130_fd_sc_hd__inv_2)
     1    0.003612    0.032470    0.054714    1.109339 ^ _48_/Y (sky130_fd_sc_hd__inv_2)
                                                         _02_ (net)
                      0.032470    0.000000    1.109339 ^ _56_/RESET_B (sky130_fd_sc_hd__dfrtp_2)
                                              1.109339   data arrival time

                      0.150000    8.000000    8.000000   clock clk (rise edge)
                                  0.000000    8.000000   clock network delay (ideal)
                                 -0.250000    7.750000   clock uncertainty
                                  0.000000    7.750000   clock reconvergence pessimism
                                              7.750000 ^ _56_/CLK (sky130_fd_sc_hd__dfrtp_2)
                                  0.255085    8.005085   library recovery time
                                              8.005085   data required time
---------------------------------------------------------------------------------------------
                                              8.005085   data required time
                                             -1.109339   data arrival time
---------------------------------------------------------------------------------------------
                                              6.895745   slack (MET)


Startpoint: rst (input port clocked by clk)
Endpoint: _57_ (recovery check against rising-edge clock clk)
Path Group: asynchronous
Path Type: max

Fanout         Cap        Slew       Delay        Time   Description
---------------------------------------------------------------------------------------------
                      0.150000    0.000000    0.000000   clock clk (rise edge)
                                  0.000000    0.000000   clock network delay (ideal)
                                  1.000000    1.000000 v input external delay
     8    0.034208    0.076620    0.054625    1.054625 v rst (in)
                                                         rst (net)
                      0.076620    0.000000    1.054625 v _49_/A (sky130_fd_sc_hd__inv_2)
     1    0.003612    0.032470    0.054714    1.109339 ^ _49_/Y (sky130_fd_sc_hd__inv_2)
                                                         _03_ (net)
                      0.032470    0.000000    1.109339 ^ _57_/RESET_B (sky130_fd_sc_hd__dfrtp_2)
                                              1.109339   data arrival time

                      0.150000    8.000000    8.000000   clock clk (rise edge)
                                  0.000000    8.000000   clock network delay (ideal)
                                 -0.250000    7.750000   clock uncertainty
                                  0.000000    7.750000   clock reconvergence pessimism
                                              7.750000 ^ _57_/CLK (sky130_fd_sc_hd__dfrtp_2)
                                  0.255085    8.005085   library recovery time
                                              8.005085   data required time
---------------------------------------------------------------------------------------------
                                              8.005085   data required time
                                             -1.109339   data arrival time
---------------------------------------------------------------------------------------------
                                              6.895745   slack (MET)


Startpoint: rst (input port clocked by clk)
Endpoint: _58_ (recovery check against rising-edge clock clk)
Path Group: asynchronous
Path Type: max

Fanout         Cap        Slew       Delay        Time   Description
---------------------------------------------------------------------------------------------
                      0.150000    0.000000    0.000000   clock clk (rise edge)
                                  0.000000    0.000000   clock network delay (ideal)
                                  1.000000    1.000000 v input external delay
     8    0.034208    0.076620    0.054625    1.054625 v rst (in)
                                                         rst (net)
                      0.076620    0.000000    1.054625 v _50_/A (sky130_fd_sc_hd__inv_2)
     1    0.003612    0.032470    0.054714    1.109339 ^ _50_/Y (sky130_fd_sc_hd__inv_2)
                                                         _04_ (net)
                      0.032470    0.000000    1.109339 ^ _58_/RESET_B (sky130_fd_sc_hd__dfrtp_2)
                                              1.109339   data arrival time

                      0.150000    8.000000    8.000000   clock clk (rise edge)
                                  0.000000    8.000000   clock network delay (ideal)
                                 -0.250000    7.750000   clock uncertainty
                                  0.000000    7.750000   clock reconvergence pessimism
                                              7.750000 ^ _58_/CLK (sky130_fd_sc_hd__dfrtp_2)
                                  0.255085    8.005085   library recovery time
                                              8.005085   data required time
---------------------------------------------------------------------------------------------
                                              8.005085   data required time
                                             -1.109339   data arrival time
---------------------------------------------------------------------------------------------
                                              6.895745   slack (MET)


Startpoint: rst (input port clocked by clk)
Endpoint: _59_ (recovery check against rising-edge clock clk)
Path Group: asynchronous
Path Type: max

Fanout         Cap        Slew       Delay        Time   Description
---------------------------------------------------------------------------------------------
                      0.150000    0.000000    0.000000   clock clk (rise edge)
                                  0.000000    0.000000   clock network delay (ideal)
                                  1.000000    1.000000 v input external delay
     8    0.034208    0.076620    0.054625    1.054625 v rst (in)
                                                         rst (net)
                      0.076620    0.000000    1.054625 v _51_/A (sky130_fd_sc_hd__inv_2)
     1    0.003612    0.032470    0.054714    1.109339 ^ _51_/Y (sky130_fd_sc_hd__inv_2)
                                                         _05_ (net)
                      0.032470    0.000000    1.109339 ^ _59_/RESET_B (sky130_fd_sc_hd__dfrtp_2)
                                              1.109339   data arrival time

                      0.150000    8.000000    8.000000   clock clk (rise edge)
                                  0.000000    8.000000   clock network delay (ideal)
                                 -0.250000    7.750000   clock uncertainty
                                  0.000000    7.750000   clock reconvergence pessimism
                                              7.750000 ^ _59_/CLK (sky130_fd_sc_hd__dfrtp_2)
                                  0.255085    8.005085   library recovery time
                                              8.005085   data required time
---------------------------------------------------------------------------------------------
                                              8.005085   data required time
                                             -1.109339   data arrival time
---------------------------------------------------------------------------------------------
                                              6.895745   slack (MET)


Startpoint: rst (input port clocked by clk)
Endpoint: _60_ (recovery check against rising-edge clock clk)
Path Group: asynchronous
Path Type: max

Fanout         Cap        Slew       Delay        Time   Description
---------------------------------------------------------------------------------------------
                      0.150000    0.000000    0.000000   clock clk (rise edge)
                                  0.000000    0.000000   clock network delay (ideal)
                                  1.000000    1.000000 v input external delay
     8    0.034208    0.076620    0.054625    1.054625 v rst (in)
                                                         rst (net)
                      0.076620    0.000000    1.054625 v _52_/A (sky130_fd_sc_hd__inv_2)
     1    0.003612    0.032470    0.054714    1.109339 ^ _52_/Y (sky130_fd_sc_hd__inv_2)
                                                         _06_ (net)
                      0.032470    0.000000    1.109339 ^ _60_/RESET_B (sky130_fd_sc_hd__dfrtp_2)
                                              1.109339   data arrival time

                      0.150000    8.000000    8.000000   clock clk (rise edge)
                                  0.000000    8.000000   clock network delay (ideal)
                                 -0.250000    7.750000   clock uncertainty
                                  0.000000    7.750000   clock reconvergence pessimism
                                              7.750000 ^ _60_/CLK (sky130_fd_sc_hd__dfrtp_2)
                                  0.255085    8.005085   library recovery time
                                              8.005085   data required time
---------------------------------------------------------------------------------------------
                                              8.005085   data required time
                                             -1.109339   data arrival time
---------------------------------------------------------------------------------------------
                                              6.895745   slack (MET)


Startpoint: rst (input port clocked by clk)
Endpoint: _61_ (recovery check against rising-edge clock clk)
Path Group: asynchronous
Path Type: max

Fanout         Cap        Slew       Delay        Time   Description
---------------------------------------------------------------------------------------------
                      0.150000    0.000000    0.000000   clock clk (rise edge)
                                  0.000000    0.000000   clock network delay (ideal)
                                  1.000000    1.000000 v input external delay
     8    0.034208    0.076620    0.054625    1.054625 v rst (in)
                                                         rst (net)
                      0.076620    0.000000    1.054625 v _53_/A (sky130_fd_sc_hd__inv_2)
     1    0.003612    0.032470    0.054714    1.109339 ^ _53_/Y (sky130_fd_sc_hd__inv_2)
                                                         _07_ (net)
                      0.032470    0.000000    1.109339 ^ _61_/RESET_B (sky130_fd_sc_hd__dfrtp_2)
                                              1.109339   data arrival time

                      0.150000    8.000000    8.000000   clock clk (rise edge)
                                  0.000000    8.000000   clock network delay (ideal)
                                 -0.250000    7.750000   clock uncertainty
                                  0.000000    7.750000   clock reconvergence pessimism
                                              7.750000 ^ _61_/CLK (sky130_fd_sc_hd__dfrtp_2)
                                  0.255085    8.005085   library recovery time
                                              8.005085   data required time
---------------------------------------------------------------------------------------------
                                              8.005085   data required time
                                             -1.109339   data arrival time
---------------------------------------------------------------------------------------------
                                              6.895745   slack (MET)



