Clock: clk
Sources: clk 
Generated: no
Virtual: yes
Propagated: no
Period: 8.000000

===========================================================================
report_clock_properties
============================================================================
Clock                   Period          Waveform
----------------------------------------------------
clk                   8.000000    0.000000  4.000000

===========================================================================
report_clock_latency
============================================================================
Clock clk
rise -> rise
    min     max
0.000000 0.000000 source latency
0.322787         network latency _360_/CLK
        0.326977 network latency _337_/CLK
---------------
0.322787 0.326977 latency
        0.004190 skew

fall -> fall
    min     max
0.000000 0.000000 source latency
0.314404         network latency _360_/CLK
        0.318106 network latency _337_/CLK
---------------
0.314404 0.318106 latency
        0.003702 skew



===========================================================================
report_clock_min_period
============================================================================
clk period_min = 2.03 fmax = 493.73
