
===========================================================================
 report_power
============================================================================
======================= nom_tt_025C_1v80 Corner ===================================

Group                    Internal    Switching      Leakage        Total
                            Power        Power        Power        Power (Watts)
------------------------------------------------------------------------
Sequential           1.609137e-04 1.323801e-06 2.598738e-10 1.622378e-04  47.0%
Combinational        5.953649e-06 9.209828e-06 7.863120e-10 1.516426e-05   4.4%
Clock                1.151874e-04 5.272173e-05 2.710086e-10 1.679094e-04  48.6%
Macro                0.000000e+00 0.000000e+00 0.000000e+00 0.000000e+00   0.0%
Pad                  0.000000e+00 0.000000e+00 0.000000e+00 0.000000e+00   0.0%
------------------------------------------------------------------------
Total                2.820547e-04 6.325536e-05 1.317194e-09 3.453113e-04 100.0%
                            81.7%        18.3%         0.0%
Writing metric power__internal__total: 0.00028205467970110476
Writing metric power__switching__total: 6.325535650830716e-5
Writing metric power__leakage__total: 1.3171936874556422e-9
Writing metric power__total: 0.00034531133132986724

