Clock: clk
Sources: clk 
Generated: no
Virtual: yes
Propagated: no
Period: 8.000000

===========================================================================
report_clock_properties
============================================================================
Clock                   Period          Waveform
----------------------------------------------------
clk                   8.000000    0.000000  4.000000

===========================================================================
report_clock_latency
============================================================================
Clock clk
rise -> rise
    min     max
0.000000 0.000000 source latency
0.190848         network latency _61_/CLK
        0.191134 network latency _54_/CLK
---------------
0.190848 0.191134 latency
        0.000286 skew

fall -> fall
    min     max
0.000000 0.000000 source latency
0.191453         network latency _61_/CLK
        0.191703 network latency _54_/CLK
---------------
0.191453 0.191703 latency
        0.000250 skew



===========================================================================
report_clock_min_period
============================================================================
clk period_min = 1.13 fmax = 886.52
