Clock: clk
Sources: clk 
Generated: no
Virtual: yes
Propagated: no
Period: 8.000000

===========================================================================
report_clock_properties
============================================================================
Clock                   Period          Waveform
----------------------------------------------------
clk                   8.000000    0.000000  4.000000

===========================================================================
report_clock_latency
============================================================================
Clock clk
rise -> rise
    min     max
0.000000 0.000000 source latency
0.597983         network latency _360_/CLK
        0.607341 network latency _354_/CLK
---------------
0.597983 0.607341 latency
        0.009358 skew

fall -> fall
    min     max
0.000000 0.000000 source latency
0.586285         network latency _360_/CLK
        0.594562 network latency _354_/CLK
---------------
0.586285 0.594562 latency
        0.008277 skew



===========================================================================
report_clock_min_period
============================================================================
clk period_min = 4.13 fmax = 242.06
