
===========================================================================
 report_power
============================================================================
======================= nom_tt_025C_1v80 Corner ===================================

Group                    Internal    Switching      Leakage        Total
                            Power        Power        Power        Power (Watts)
------------------------------------------------------------------------
Sequential           1.609087e-04 1.385059e-06 2.598738e-10 1.622940e-04  47.1%
Combinational        5.013039e-06 9.023979e-06 6.489589e-10 1.403767e-05   4.1%
Clock                1.152092e-04 5.294056e-05 2.710086e-10 1.681501e-04  48.8%
Macro                0.000000e+00 0.000000e+00 0.000000e+00 0.000000e+00   0.0%
Pad                  0.000000e+00 0.000000e+00 0.000000e+00 0.000000e+00   0.0%
------------------------------------------------------------------------
Total                2.811310e-04 6.334959e-05 1.179841e-09 3.444818e-04 100.0%
                            81.6%        18.4%         0.0%
Writing metric power__internal__total: 0.0002811310114338994
Writing metric power__switching__total: 6.334959471132606e-5
Writing metric power__leakage__total: 1.1798411136965115e-9
Writing metric power__total: 0.0003444818139541894

